2025-04-29 23:18:31,System Health Check,Success,
2025-04-29 23:19:35,Fetch Orders,Success,
2025-04-29 23:21:28,ERROR,Run Process Monitoring Summary Report,'operation'
2025-04-29 23:35:07,ERROR,Fetch Orders,[Errno 13] Permission denied: 'C:\\MyExcelAutomation\\SupplyChainOrdersAPI\\data\\orders.xlsx'
2025-04-29 23:35:46,Fetch Orders,Success,
2025-04-29 23:48:09,Fetch Orders,Success,
2025-04-30 00:04:39,ERROR,Fetch Orders,'order_id'
2025-04-30 00:12:39,ERROR,Fetch Orders,'order_id'
2025-04-30 00:12:56,ERROR,Fetch Orders,'order_id'
2025-04-30 00:15:26,ERROR,Fetch Orders,'id'
2025-04-30 00:20:47,ERROR,Fetch Orders,'id'
2025-04-30 00:26:12,Fetch Orders,Success,
2025-04-30 00:49:23,Fetch Orders,Success,
2025-04-30 00:56:19,Fetch Orders,Success,
2025-04-30 00:59:12,Fetch Orders,Success,
2025-04-30 00:59:59,Run Data Summary,ERROR,
2025-04-30 01:00:12,Run Monitoring Summary,Success,
2025-04-30 01:00:46,Fetch Orders,Success,
2025-04-30 01:00:46,Run Data Summary,ERROR,
2025-04-30 01:05:58,Run Data Summary,ERROR,
2025-04-30 01:52:23,Fetch Orders,Success,
2025-04-30 01:53:08,Run Data Summary,ERROR,
2025-04-30 01:53:19,Run Data Summary,ERROR,
2025-04-30 01:53:55,Main Menu,ERROR,
2025-04-30 01:55:11,Fetch Orders,Success,
2025-04-30 01:55:25,Run Data Summary,ERROR,
2025-04-30 01:56:27,Fetch Orders,Success,
2025-04-30 01:56:27,Run Data Summary,ERROR,
2025-04-30 01:57:08,Run Data Summary,ERROR,
2025-04-30 01:57:18,Main Menu,ERROR,
2025-04-30 01:57:50,Run Data Summary,ERROR,
2025-04-30 02:14:40,Main Menu,ERROR,
2025-04-30 02:14:53,Main Menu,ERROR,
2025-04-30 02:19:38,Fetch Orders,Success,
2025-04-30 02:20:13,Main Menu,ERROR,
2025-04-30 02:20:22,Main Menu,ERROR,
2025-04-30 02:20:28,Main Menu,ERROR,
2025-04-30 02:20:34,Main Menu,ERROR,
2025-04-30 02:20:49,Main Menu,ERROR,
2025-04-30 02:20:55,Fetch Orders,Success,
2025-04-30 02:20:57,Main Menu,ERROR,
2025-04-30 02:21:00,Main Menu,ERROR,
2025-04-30 02:21:07,Main Menu,ERROR,
2025-04-30 02:21:15,Main Menu,ERROR,
2025-04-30 02:42:17,Fetch Orders,Success,
2025-04-30 02:42:35,Main Menu,ERROR,
2025-04-30 02:42:41,Main Menu,ERROR,
2025-04-30 02:43:11,Fetch Orders,Success,
2025-04-30 02:43:11,Main Menu,ERROR,
2025-04-30 02:43:20,Main Menu,ERROR,
2025-04-30 02:43:29,Main Menu,ERROR,
2025-04-30 02:43:35,Main Menu,ERROR,
2025-04-30 02:43:39,Main Menu,ERROR,
2025-04-30 02:43:49,Main Menu,ERROR,
2025-04-30 02:44:03,Main Menu,ERROR,
2025-04-30 02:45:54,Fetch Orders,Success,
2025-04-30 02:45:56,Main Menu,ERROR,
2025-04-30 02:48:54,Fetch Orders,Success,
2025-04-30 02:58:56,Fetch Orders,Success,
2025-04-30 03:01:40,Fetch Orders,ERROR,
2025-04-30 03:01:51,Fetch Orders,Success,
2025-04-30 03:04:37,Fetch Orders,Success,
2025-04-30 03:08:28,Update Order,Success,1
2025-04-30 03:08:29,Delete Order,Success,3
2025-04-30 03:08:40,Fetch Orders,Success,
2025-04-30 03:10:15,Main Menu,ERROR,
2025-04-30 03:13:58,Fetch Orders,Success,
2025-04-30 03:20:56,Fetch Orders,Success,
2025-04-30 03:20:56,Main Menu,ERROR,
2025-04-30 03:21:15,Main Menu,ERROR,
2025-04-30 03:21:18,Main Menu,ERROR,
2025-04-30 03:24:10,Main Menu,ERROR,
2025-04-30 03:24:13,Monitoring Summary,Success,
2025-04-30 03:24:17,Monitoring Summary,Success,
2025-04-30 03:24:20,Main Menu,ERROR,
2025-04-30 03:24:56,Monitoring Summary,Success,
2025-04-30 03:25:04,Fetch Orders,Success,
2025-04-30 03:25:12,Fetch Orders,Success,
2025-04-30 03:26:13,Main Menu,ERROR,
2025-04-30 03:33:04,Generate Order Summary Report,Success,
2025-04-30 03:35:55,Main Menu,ERROR,
2025-04-30 03:39:51,Main Menu,ERROR,
2025-04-30 03:52:17,Main Menu,ERROR,
2025-04-30 04:12:19,Fetch Orders,Success,
2025-04-30 04:30:19,Fetch Orders,Success,
2025-04-30 04:33:47,Fetch Orders,Success,
2025-04-30 04:36:30,Fetch Orders,Success,
2025-04-30 04:36:37,Fetch Orders,Success,
2025-04-30 04:36:49,Fetch Orders,Success,
2025-04-30 04:37:00,Fetch Orders,Success,
2025-04-30 04:41:13,Fetch Orders,Success,
2025-04-30 04:41:59,Fetch Orders,Success,
2025-04-30 04:42:15,Fetch Orders,Success,
2025-04-30 04:43:30,Fetch Orders,ERROR,
2025-04-30 04:43:56,Process Excel Changes,ERROR,
2025-04-30 04:44:37,Fetch Orders,ERROR,
2025-04-30 04:44:51,Fetch Orders,ERROR,
2025-04-30 04:45:47,Fetch Orders,ERROR,
2025-04-30 04:48:43,Process Excel Changes,ERROR,
2025-04-30 04:53:22,Fetch Orders,Success,
2025-04-30 04:53:46,Monitoring Summary,Success,
2025-04-30 04:53:53,Fetch Orders,Success,
2025-04-30 04:53:57,Generate Order Summary Report,Success,
2025-04-30 04:59:02,Fetch Orders,Success,
2025-04-30 05:06:06,Fetch Orders,Success,
2025-04-30 05:11:25,Fetch Orders,Success,
2025-04-30 05:11:32,Monitoring Summary,Success,
2025-04-30 05:11:33,Generate Order Summary Report,Success,
2025-04-30 05:11:36,Monitoring Summary,Success,
2025-04-30 05:12:14,Fetch Orders,Success,
